Refreshing run status every 30 seconds. Press Ctrl+C to quit.

* main build-image · 37538961516
Triggered via workflow_dispatch about 13 minutes ago

JOBS
* build (ID 112526973832)
  ✓ Set up job
  ✓ Run actions/checkout@v4
  ✓ Free up disk space
  ✓ Enable i386 binfmt + loop devices
  * Build the image from source
  * Verify image (partition table, GRUB, kernel config)
  * Upload image artifact
  * Publish release (tagged builds)
  * Post Run actions/checkout@v4
Refreshing run status every 30 seconds. Press Ctrl+C to quit.

* main build-image · 37538961516
Triggered via workflow_dispatch about 14 minutes ago

JOBS
* build (ID 112526973832)
  ✓ Set up job
  ✓ Run actions/checkout@v4
  ✓ Free up disk space
  ✓ Enable i386 binfmt + loop devices
  * Build the image from source
  * Verify image (partition table, GRUB, kernel config)
  * Upload image artifact
  * Publish release (tagged builds)
  * Post Run actions/checkout@v4
Refreshing run status every 30 seconds. Press Ctrl+C to quit.

* main build-image · 37538961516
Triggered via workflow_dispatch about 14 minutes ago

JOBS
* build (ID 112526973832)
  ✓ Set up job
  ✓ Run actions/checkout@v4
  ✓ Free up disk space
  ✓ Enable i386 binfmt + loop devices
  * Build the image from source
  * Verify image (partition table, GRUB, kernel config)
  * Upload image artifact
  * Publish release (tagged builds)
  * Post Run actions/checkout@v4
Refreshing run status every 30 seconds. Press Ctrl+C to quit.

* main build-image · 37538961516
Triggered via workflow_dispatch about 15 minutes ago

JOBS
* build (ID 112526973832)
  ✓ Set up job
  ✓ Run actions/checkout@v4
  ✓ Free up disk space
  ✓ Enable i386 binfmt + loop devices
  * Build the image from source
  * Verify image (partition table, GRUB, kernel config)
  * Upload image artifact
  * Publish release (tagged builds)
  * Post Run actions/checkout@v4
Refreshing run status every 30 seconds. Press Ctrl+C to quit.

* main build-image · 37538961516
Triggered via workflow_dispatch about 15 minutes ago

JOBS
* build (ID 112526973832)
  ✓ Set up job
  ✓ Run actions/checkout@v4
  ✓ Free up disk space
  ✓ Enable i386 binfmt + loop devices
  * Build the image from source
  * Verify image (partition table, GRUB, kernel config)
  * Upload image artifact
  * Publish release (tagged builds)
  * Post Run actions/checkout@v4
Refreshing run status every 30 seconds. Press Ctrl+C to quit.

* main build-image · 37538961516
Triggered via workflow_dispatch about 16 minutes ago

JOBS
* build (ID 112526973832)
  ✓ Set up job
  ✓ Run actions/checkout@v4
  ✓ Free up disk space
  ✓ Enable i386 binfmt + loop devices
  * Build the image from source
  * Verify image (partition table, GRUB, kernel config)
  * Upload image artifact
  * Publish release (tagged builds)
  * Post Run actions/checkout@v4
Refreshing run status every 30 seconds. Press Ctrl+C to quit.

* main build-image · 37538961516
Triggered via workflow_dispatch about 16 minutes ago

JOBS
* build (ID 112526973832)
  ✓ Set up job
  ✓ Run actions/checkout@v4
  ✓ Free up disk space
  ✓ Enable i386 binfmt + loop devices
  * Build the image from source
  * Verify image (partition table, GRUB, kernel config)
  * Upload image artifact
  * Publish release (tagged builds)
  * Post Run actions/checkout@v4
Refreshing run status every 30 seconds. Press Ctrl+C to quit.

* main build-image · 37538961516
Triggered via workflow_dispatch about 17 minutes ago

JOBS
* build (ID 112526973832)
  ✓ Set up job
  ✓ Run actions/checkout@v4
  ✓ Free up disk space
  ✓ Enable i386 binfmt + loop devices
  * Build the image from source
  * Verify image (partition table, GRUB, kernel config)
  * Upload image artifact
  * Publish release (tagged builds)
  * Post Run actions/checkout@v4
Refreshing run status every 30 seconds. Press Ctrl+C to quit.

* main build-image · 37538961516
Triggered via workflow_dispatch about 17 minutes ago

JOBS
* build (ID 112526973832)
  ✓ Set up job
  ✓ Run actions/checkout@v4
  ✓ Free up disk space
  ✓ Enable i386 binfmt + loop devices
  * Build the image from source
  * Verify image (partition table, GRUB, kernel config)
  * Upload image artifact
  * Publish release (tagged builds)
  * Post Run actions/checkout@v4
Refreshing run status every 30 seconds. Press Ctrl+C to quit.

* main build-image · 37538961516
Triggered via workflow_dispatch about 18 minutes ago

JOBS
* build (ID 112526973832)
  ✓ Set up job
  ✓ Run actions/checkout@v4
  ✓ Free up disk space
  ✓ Enable i386 binfmt + loop devices
  * Build the image from source
  * Verify image (partition table, GRUB, kernel config)
  * Upload image artifact
  * Publish release (tagged builds)
  * Post Run actions/checkout@v4
Refreshing run status every 30 seconds. Press Ctrl+C to quit.

* main build-image · 37538961516
Triggered via workflow_dispatch about 18 minutes ago

JOBS
* build (ID 112526973832)
  ✓ Set up job
  ✓ Run actions/checkout@v4
  ✓ Free up disk space
  ✓ Enable i386 binfmt + loop devices
  * Build the image from source
  * Verify image (partition table, GRUB, kernel config)
  * Upload image artifact
  * Publish release (tagged builds)
  * Post Run actions/checkout@v4
Refreshing run status every 30 seconds. Press Ctrl+C to quit.

* main build-image · 37538961516
Triggered via workflow_dispatch about 19 minutes ago

JOBS
* build (ID 112526973832)
  ✓ Set up job
  ✓ Run actions/checkout@v4
  ✓ Free up disk space
  ✓ Enable i386 binfmt + loop devices
  * Build the image from source
  * Verify image (partition table, GRUB, kernel config)
  * Upload image artifact
  * Publish release (tagged builds)
  * Post Run actions/checkout@v4
Refreshing run status every 30 seconds. Press Ctrl+C to quit.

* main build-image · 37538961516
Triggered via workflow_dispatch about 19 minutes ago

JOBS
* build (ID 112526973832)
  ✓ Set up job
  ✓ Run actions/checkout@v4
  ✓ Free up disk space
  ✓ Enable i386 binfmt + loop devices
  * Build the image from source
  * Verify image (partition table, GRUB, kernel config)
  * Upload image artifact
  * Publish release (tagged builds)
  * Post Run actions/checkout@v4
Refreshing run status every 30 seconds. Press Ctrl+C to quit.

* main build-image · 37538961516
Triggered via workflow_dispatch about 20 minutes ago

JOBS
* build (ID 112526973832)
  ✓ Set up job
  ✓ Run actions/checkout@v4
  ✓ Free up disk space
  ✓ Enable i386 binfmt + loop devices
  * Build the image from source
  * Verify image (partition table, GRUB, kernel config)
  * Upload image artifact
  * Publish release (tagged builds)
  * Post Run actions/checkout@v4
Refreshing run status every 30 seconds. Press Ctrl+C to quit.

* main build-image · 37538961516
Triggered via workflow_dispatch about 20 minutes ago

JOBS
* build (ID 112526973832)
  ✓ Set up job
  ✓ Run actions/checkout@v4
  ✓ Free up disk space
  ✓ Enable i386 binfmt + loop devices
  * Build the image from source
  * Verify image (partition table, GRUB, kernel config)
  * Upload image artifact
  * Publish release (tagged builds)
  * Post Run actions/checkout@v4
Refreshing run status every 30 seconds. Press Ctrl+C to quit.

* main build-image · 37538961516
Triggered via workflow_dispatch about 21 minutes ago

JOBS
* build (ID 112526973832)
  ✓ Set up job
  ✓ Run actions/checkout@v4
  ✓ Free up disk space
  ✓ Enable i386 binfmt + loop devices
  * Build the image from source
  * Verify image (partition table, GRUB, kernel config)
  * Upload image artifact
  * Publish release (tagged builds)
  * Post Run actions/checkout@v4
Refreshing run status every 30 seconds. Press Ctrl+C to quit.

* main build-image · 37538961516
Triggered via workflow_dispatch about 21 minutes ago

JOBS
* build (ID 112526973832)
  ✓ Set up job
  ✓ Run actions/checkout@v4
  ✓ Free up disk space
  ✓ Enable i386 binfmt + loop devices
  * Build the image from source
  * Verify image (partition table, GRUB, kernel config)
  * Upload image artifact
  * Publish release (tagged builds)
  * Post Run actions/checkout@v4
Refreshing run status every 30 seconds. Press Ctrl+C to quit.

* main build-image · 37538961516
Triggered via workflow_dispatch about 22 minutes ago

JOBS
* build (ID 112526973832)
  ✓ Set up job
  ✓ Run actions/checkout@v4
  ✓ Free up disk space
  ✓ Enable i386 binfmt + loop devices
  * Build the image from source
  * Verify image (partition table, GRUB, kernel config)
  * Upload image artifact
  * Publish release (tagged builds)
  * Post Run actions/checkout@v4
Refreshing run status every 30 seconds. Press Ctrl+C to quit.

* main build-image · 37538961516
Triggered via workflow_dispatch about 22 minutes ago

JOBS
* build (ID 112526973832)
  ✓ Set up job
  ✓ Run actions/checkout@v4
  ✓ Free up disk space
  ✓ Enable i386 binfmt + loop devices
  * Build the image from source
  * Verify image (partition table, GRUB, kernel config)
  * Upload image artifact
  * Publish release (tagged builds)
  * Post Run actions/checkout@v4
Refreshing run status every 30 seconds. Press Ctrl+C to quit.

* main build-image · 37538961516
Triggered via workflow_dispatch about 23 minutes ago

JOBS
* build (ID 112526973832)
  ✓ Set up job
  ✓ Run actions/checkout@v4
  ✓ Free up disk space
  ✓ Enable i386 binfmt + loop devices
  * Build the image from source
  * Verify image (partition table, GRUB, kernel config)
  * Upload image artifact
  * Publish release (tagged builds)
  * Post Run actions/checkout@v4
Refreshing run status every 30 seconds. Press Ctrl+C to quit.

* main build-image · 37538961516
Triggered via workflow_dispatch about 23 minutes ago

JOBS
* build (ID 112526973832)
  ✓ Set up job
  ✓ Run actions/checkout@v4
  ✓ Free up disk space
  ✓ Enable i386 binfmt + loop devices
  * Build the image from source
  * Verify image (partition table, GRUB, kernel config)
  * Upload image artifact
  * Publish release (tagged builds)
  * Post Run actions/checkout@v4
Refreshing run status every 30 seconds. Press Ctrl+C to quit.

* main build-image · 37538961516
Triggered via workflow_dispatch about 24 minutes ago

JOBS
* build (ID 112526973832)
  ✓ Set up job
  ✓ Run actions/checkout@v4
  ✓ Free up disk space
  ✓ Enable i386 binfmt + loop devices
  * Build the image from source
  * Verify image (partition table, GRUB, kernel config)
  * Upload image artifact
  * Publish release (tagged builds)
  * Post Run actions/checkout@v4
Refreshing run status every 30 seconds. Press Ctrl+C to quit.

* main build-image · 37538961516
Triggered via workflow_dispatch about 24 minutes ago

JOBS
* build (ID 112526973832)
  ✓ Set up job
  ✓ Run actions/checkout@v4
  ✓ Free up disk space
  ✓ Enable i386 binfmt + loop devices
  * Build the image from source
  * Verify image (partition table, GRUB, kernel config)
  * Upload image artifact
  * Publish release (tagged builds)
  * Post Run actions/checkout@v4
Refreshing run status every 30 seconds. Press Ctrl+C to quit.

* main build-image · 37538961516
Triggered via workflow_dispatch about 25 minutes ago

JOBS
* build (ID 112526973832)
  ✓ Set up job
  ✓ Run actions/checkout@v4
  ✓ Free up disk space
  ✓ Enable i386 binfmt + loop devices
  * Build the image from source
  * Verify image (partition table, GRUB, kernel config)
  * Upload image artifact
  * Publish release (tagged builds)
  * Post Run actions/checkout@v4
Refreshing run status every 30 seconds. Press Ctrl+C to quit.

* main build-image · 37538961516
Triggered via workflow_dispatch about 25 minutes ago

JOBS
* build (ID 112526973832)
  ✓ Set up job
  ✓ Run actions/checkout@v4
  ✓ Free up disk space
  ✓ Enable i386 binfmt + loop devices
  ✓ Build the image from source
  ✓ Verify image (partition table, GRUB, kernel config)
  * Upload image artifact
  * Publish release (tagged builds)
  * Post Run actions/checkout@v4
✓ main build-image · 37538961516
Triggered via workflow_dispatch about 26 minutes ago

JOBS
✓ build in 26m8s (ID 112526973832)
  ✓ Set up job
  ✓ Run actions/checkout@v4
  ✓ Free up disk space
  ✓ Enable i386 binfmt + loop devices
  ✓ Build the image from source
  ✓ Verify image (partition table, GRUB, kernel config)
  ✓ Upload image artifact
  ✓ Publish release (tagged builds)
  ✓ Post Run actions/checkout@v4
  ✓ Complete job

ANNOTATIONS
! Node.js 20 is deprecated. The following actions target Node.js 20 but are being forced to run on Node.js 24: actions/checkout@v4, actions/upload-artifact@v4. For more information see: https://github.blog/changelog/2025-09-19-deprecation-of-node-20-on-github-actions-runners/
build: .github#2

WATCH_EXIT=0
