Refreshing run status every 30 seconds. Press Ctrl+C to quit.

* main build-image · 37536869474
Triggered via workflow_dispatch about 3 minutes ago

JOBS
* build (ID 112520015083)
  ✓ Set up job
  ✓ Run actions/checkout@v4
  ✓ Free up disk space
  ✓ Enable i386 binfmt + loop devices
  * Build the image from source
  * Verify image (partition table, GRUB, kernel config)
  * Upload image artifact
  * Publish release (tagged builds)
  * Post Run actions/checkout@v4
Refreshing run status every 30 seconds. Press Ctrl+C to quit.

* main build-image · 37536869474
Triggered via workflow_dispatch about 3 minutes ago

JOBS
* build (ID 112520015083)
  ✓ Set up job
  ✓ Run actions/checkout@v4
  ✓ Free up disk space
  ✓ Enable i386 binfmt + loop devices
  * Build the image from source
  * Verify image (partition table, GRUB, kernel config)
  * Upload image artifact
  * Publish release (tagged builds)
  * Post Run actions/checkout@v4
Refreshing run status every 30 seconds. Press Ctrl+C to quit.

* main build-image · 37536869474
Triggered via workflow_dispatch about 4 minutes ago

JOBS
* build (ID 112520015083)
  ✓ Set up job
  ✓ Run actions/checkout@v4
  ✓ Free up disk space
  ✓ Enable i386 binfmt + loop devices
  * Build the image from source
  * Verify image (partition table, GRUB, kernel config)
  * Upload image artifact
  * Publish release (tagged builds)
  * Post Run actions/checkout@v4
Refreshing run status every 30 seconds. Press Ctrl+C to quit.

* main build-image · 37536869474
Triggered via workflow_dispatch about 4 minutes ago

JOBS
* build (ID 112520015083)
  ✓ Set up job
  ✓ Run actions/checkout@v4
  ✓ Free up disk space
  ✓ Enable i386 binfmt + loop devices
  * Build the image from source
  * Verify image (partition table, GRUB, kernel config)
  * Upload image artifact
  * Publish release (tagged builds)
  * Post Run actions/checkout@v4
Refreshing run status every 30 seconds. Press Ctrl+C to quit.

* main build-image · 37536869474
Triggered via workflow_dispatch about 5 minutes ago

JOBS
* build (ID 112520015083)
  ✓ Set up job
  ✓ Run actions/checkout@v4
  ✓ Free up disk space
  ✓ Enable i386 binfmt + loop devices
  * Build the image from source
  * Verify image (partition table, GRUB, kernel config)
  * Upload image artifact
  * Publish release (tagged builds)
  * Post Run actions/checkout@v4
Refreshing run status every 30 seconds. Press Ctrl+C to quit.

* main build-image · 37536869474
Triggered via workflow_dispatch about 5 minutes ago

JOBS
* build (ID 112520015083)
  ✓ Set up job
  ✓ Run actions/checkout@v4
  ✓ Free up disk space
  ✓ Enable i386 binfmt + loop devices
  * Build the image from source
  * Verify image (partition table, GRUB, kernel config)
  * Upload image artifact
  * Publish release (tagged builds)
  * Post Run actions/checkout@v4
Refreshing run status every 30 seconds. Press Ctrl+C to quit.

* main build-image · 37536869474
Triggered via workflow_dispatch about 6 minutes ago

JOBS
* build (ID 112520015083)
  ✓ Set up job
  ✓ Run actions/checkout@v4
  ✓ Free up disk space
  ✓ Enable i386 binfmt + loop devices
  * Build the image from source
  * Verify image (partition table, GRUB, kernel config)
  * Upload image artifact
  * Publish release (tagged builds)
  * Post Run actions/checkout@v4
Refreshing run status every 30 seconds. Press Ctrl+C to quit.

* main build-image · 37536869474
Triggered via workflow_dispatch about 6 minutes ago

JOBS
* build (ID 112520015083)
  ✓ Set up job
  ✓ Run actions/checkout@v4
  ✓ Free up disk space
  ✓ Enable i386 binfmt + loop devices
  * Build the image from source
  * Verify image (partition table, GRUB, kernel config)
  * Upload image artifact
  * Publish release (tagged builds)
  * Post Run actions/checkout@v4
Refreshing run status every 30 seconds. Press Ctrl+C to quit.

* main build-image · 37536869474
Triggered via workflow_dispatch about 7 minutes ago

JOBS
* build (ID 112520015083)
  ✓ Set up job
  ✓ Run actions/checkout@v4
  ✓ Free up disk space
  ✓ Enable i386 binfmt + loop devices
  * Build the image from source
  * Verify image (partition table, GRUB, kernel config)
  * Upload image artifact
  * Publish release (tagged builds)
  * Post Run actions/checkout@v4
Refreshing run status every 30 seconds. Press Ctrl+C to quit.

* main build-image · 37536869474
Triggered via workflow_dispatch about 7 minutes ago

JOBS
* build (ID 112520015083)
  ✓ Set up job
  ✓ Run actions/checkout@v4
  ✓ Free up disk space
  ✓ Enable i386 binfmt + loop devices
  * Build the image from source
  * Verify image (partition table, GRUB, kernel config)
  * Upload image artifact
  * Publish release (tagged builds)
  * Post Run actions/checkout@v4
Refreshing run status every 30 seconds. Press Ctrl+C to quit.

* main build-image · 37536869474
Triggered via workflow_dispatch about 8 minutes ago

JOBS
* build (ID 112520015083)
  ✓ Set up job
  ✓ Run actions/checkout@v4
  ✓ Free up disk space
  ✓ Enable i386 binfmt + loop devices
  * Build the image from source
  * Verify image (partition table, GRUB, kernel config)
  * Upload image artifact
  * Publish release (tagged builds)
  * Post Run actions/checkout@v4
Refreshing run status every 30 seconds. Press Ctrl+C to quit.

* main build-image · 37536869474
Triggered via workflow_dispatch about 8 minutes ago

JOBS
* build (ID 112520015083)
  ✓ Set up job
  ✓ Run actions/checkout@v4
  ✓ Free up disk space
  ✓ Enable i386 binfmt + loop devices
  * Build the image from source
  * Verify image (partition table, GRUB, kernel config)
  * Upload image artifact
  * Publish release (tagged builds)
  * Post Run actions/checkout@v4
Refreshing run status every 30 seconds. Press Ctrl+C to quit.

* main build-image · 37536869474
Triggered via workflow_dispatch about 9 minutes ago

JOBS
* build (ID 112520015083)
  ✓ Set up job
  ✓ Run actions/checkout@v4
  ✓ Free up disk space
  ✓ Enable i386 binfmt + loop devices
  * Build the image from source
  * Verify image (partition table, GRUB, kernel config)
  * Upload image artifact
  * Publish release (tagged builds)
  * Post Run actions/checkout@v4
Refreshing run status every 30 seconds. Press Ctrl+C to quit.

* main build-image · 37536869474
Triggered via workflow_dispatch about 9 minutes ago

JOBS
* build (ID 112520015083)
  ✓ Set up job
  ✓ Run actions/checkout@v4
  ✓ Free up disk space
  ✓ Enable i386 binfmt + loop devices
  * Build the image from source
  * Verify image (partition table, GRUB, kernel config)
  * Upload image artifact
  * Publish release (tagged builds)
  * Post Run actions/checkout@v4
Refreshing run status every 30 seconds. Press Ctrl+C to quit.

* main build-image · 37536869474
Triggered via workflow_dispatch about 10 minutes ago

JOBS
* build (ID 112520015083)
  ✓ Set up job
  ✓ Run actions/checkout@v4
  ✓ Free up disk space
  ✓ Enable i386 binfmt + loop devices
  * Build the image from source
  * Verify image (partition table, GRUB, kernel config)
  * Upload image artifact
  * Publish release (tagged builds)
  * Post Run actions/checkout@v4
Refreshing run status every 30 seconds. Press Ctrl+C to quit.

* main build-image · 37536869474
Triggered via workflow_dispatch about 10 minutes ago

JOBS
* build (ID 112520015083)
  ✓ Set up job
  ✓ Run actions/checkout@v4
  ✓ Free up disk space
  ✓ Enable i386 binfmt + loop devices
  * Build the image from source
  * Verify image (partition table, GRUB, kernel config)
  * Upload image artifact
  * Publish release (tagged builds)
  * Post Run actions/checkout@v4
Refreshing run status every 30 seconds. Press Ctrl+C to quit.

* main build-image · 37536869474
Triggered via workflow_dispatch about 11 minutes ago

JOBS
* build (ID 112520015083)
  ✓ Set up job
  ✓ Run actions/checkout@v4
  ✓ Free up disk space
  ✓ Enable i386 binfmt + loop devices
  * Build the image from source
  * Verify image (partition table, GRUB, kernel config)
  * Upload image artifact
  * Publish release (tagged builds)
  * Post Run actions/checkout@v4
Refreshing run status every 30 seconds. Press Ctrl+C to quit.

* main build-image · 37536869474
Triggered via workflow_dispatch about 11 minutes ago

JOBS
* build (ID 112520015083)
  ✓ Set up job
  ✓ Run actions/checkout@v4
  ✓ Free up disk space
  ✓ Enable i386 binfmt + loop devices
  * Build the image from source
  * Verify image (partition table, GRUB, kernel config)
  * Upload image artifact
  * Publish release (tagged builds)
  * Post Run actions/checkout@v4
Refreshing run status every 30 seconds. Press Ctrl+C to quit.

* main build-image · 37536869474
Triggered via workflow_dispatch about 12 minutes ago

JOBS
* build (ID 112520015083)
  ✓ Set up job
  ✓ Run actions/checkout@v4
  ✓ Free up disk space
  ✓ Enable i386 binfmt + loop devices
  * Build the image from source
  * Verify image (partition table, GRUB, kernel config)
  * Upload image artifact
  * Publish release (tagged builds)
  * Post Run actions/checkout@v4
Refreshing run status every 30 seconds. Press Ctrl+C to quit.

* main build-image · 37536869474
Triggered via workflow_dispatch about 12 minutes ago

JOBS
* build (ID 112520015083)
  ✓ Set up job
  ✓ Run actions/checkout@v4
  ✓ Free up disk space
  ✓ Enable i386 binfmt + loop devices
  * Build the image from source
  * Verify image (partition table, GRUB, kernel config)
  * Upload image artifact
  * Publish release (tagged builds)
  * Post Run actions/checkout@v4
Refreshing run status every 30 seconds. Press Ctrl+C to quit.

* main build-image · 37536869474
Triggered via workflow_dispatch about 13 minutes ago

JOBS
* build (ID 112520015083)
  ✓ Set up job
  ✓ Run actions/checkout@v4
  ✓ Free up disk space
  ✓ Enable i386 binfmt + loop devices
  * Build the image from source
  * Verify image (partition table, GRUB, kernel config)
  * Upload image artifact
  * Publish release (tagged builds)
  * Post Run actions/checkout@v4
Refreshing run status every 30 seconds. Press Ctrl+C to quit.

* main build-image · 37536869474
Triggered via workflow_dispatch about 14 minutes ago

JOBS
* build (ID 112520015083)
  ✓ Set up job
  ✓ Run actions/checkout@v4
  ✓ Free up disk space
  ✓ Enable i386 binfmt + loop devices
  * Build the image from source
  * Verify image (partition table, GRUB, kernel config)
  * Upload image artifact
  * Publish release (tagged builds)
  * Post Run actions/checkout@v4
Refreshing run status every 30 seconds. Press Ctrl+C to quit.

* main build-image · 37536869474
Triggered via workflow_dispatch about 14 minutes ago

JOBS
* build (ID 112520015083)
  ✓ Set up job
  ✓ Run actions/checkout@v4
  ✓ Free up disk space
  ✓ Enable i386 binfmt + loop devices
  * Build the image from source
  * Verify image (partition table, GRUB, kernel config)
  * Upload image artifact
  * Publish release (tagged builds)
  * Post Run actions/checkout@v4
Refreshing run status every 30 seconds. Press Ctrl+C to quit.

* main build-image · 37536869474
Triggered via workflow_dispatch about 15 minutes ago

JOBS
* build (ID 112520015083)
  ✓ Set up job
  ✓ Run actions/checkout@v4
  ✓ Free up disk space
  ✓ Enable i386 binfmt + loop devices
  * Build the image from source
  * Verify image (partition table, GRUB, kernel config)
  * Upload image artifact
  * Publish release (tagged builds)
  * Post Run actions/checkout@v4
Refreshing run status every 30 seconds. Press Ctrl+C to quit.

* main build-image · 37536869474
Triggered via workflow_dispatch about 15 minutes ago

JOBS
* build (ID 112520015083)
  ✓ Set up job
  ✓ Run actions/checkout@v4
  ✓ Free up disk space
  ✓ Enable i386 binfmt + loop devices
  * Build the image from source
  * Verify image (partition table, GRUB, kernel config)
  * Upload image artifact
  * Publish release (tagged builds)
  * Post Run actions/checkout@v4
Refreshing run status every 30 seconds. Press Ctrl+C to quit.

* main build-image · 37536869474
Triggered via workflow_dispatch about 16 minutes ago

JOBS
* build (ID 112520015083)
  ✓ Set up job
  ✓ Run actions/checkout@v4
  ✓ Free up disk space
  ✓ Enable i386 binfmt + loop devices
  * Build the image from source
  * Verify image (partition table, GRUB, kernel config)
  * Upload image artifact
  * Publish release (tagged builds)
  * Post Run actions/checkout@v4
Refreshing run status every 30 seconds. Press Ctrl+C to quit.

* main build-image · 37536869474
Triggered via workflow_dispatch about 16 minutes ago

JOBS
* build (ID 112520015083)
  ✓ Set up job
  ✓ Run actions/checkout@v4
  ✓ Free up disk space
  ✓ Enable i386 binfmt + loop devices
  * Build the image from source
  * Verify image (partition table, GRUB, kernel config)
  * Upload image artifact
  * Publish release (tagged builds)
  * Post Run actions/checkout@v4
X main build-image · 37536869474
Triggered via workflow_dispatch about 17 minutes ago

JOBS
X build in 16m44s (ID 112520015083)
  ✓ Set up job
  ✓ Run actions/checkout@v4
  ✓ Free up disk space
  ✓ Enable i386 binfmt + loop devices
  X Build the image from source
  - Verify image (partition table, GRUB, kernel config)
  - Upload image artifact
  - Publish release (tagged builds)
  ✓ Post Run actions/checkout@v4
  ✓ Complete job

ANNOTATIONS
! Node.js 20 is deprecated. The following actions target Node.js 20 but are being forced to run on Node.js 24: actions/checkout@v4. For more information see: https://github.blog/changelog/2025-09-19-deprecation-of-node-20-on-github-actions-runners/
build: .github#2

X Process completed with exit code 23.
build: .github#9649

WATCH_EXIT=1
